// Jest Snapshot v1, https://goo.gl/fbAQLP

exports[`object fields object 1`] = `
<form
  className="rjsf"
  noValidate={false}
  onSubmit={[Function]}
>
  <div>
    <div
      className="ms-Grid"
      dir="ltr"
    >
      <div
        className="ms-Grid-col"
      >
        <div>
          <div
            className="ms-TextField root-41"
          >
            <div
              className="ms-TextField-wrapper"
            >
              <label
                className="ms-Label root-49"
                htmlFor="root_a"
                id="TextFieldLabel3"
              >
                a
              </label>
              <div
                className="ms-TextField-fieldGroup fieldGroup-42"
              >
                <input
                  aria-invalid={false}
                  aria-labelledby="TextFieldLabel3"
                  autoFocus={false}
                  className="ms-TextField-field field-43"
                  disabled={false}
                  id="root_a"
                  name="nodejs"
                  onBlur={[Function]}
                  onChange={[Function]}
                  onFocus={[Function]}
                  onInput={[Function]}
                  required={false}
                  type="string"
                  value=""
                />
              </div>
            </div>
          </div>
        </div>
      </div>
      <div
        className="ms-Grid-col"
      >
        <div>
          <div
            className="ms-TextField root-41"
          >
            <div
              className="ms-TextField-wrapper"
            >
              <label
                className="ms-Label root-49"
                htmlFor="root_b"
                id="TextFieldLabel6"
              >
                b
              </label>
              <div
                className="ms-TextField-fieldGroup fieldGroup-42"
              >
                <input
                  aria-invalid={false}
                  aria-labelledby="TextFieldLabel6"
                  autoFocus={false}
                  className="ms-TextField-field field-43"
                  disabled={false}
                  id="root_b"
                  name="nodejs"
                  onBlur={[Function]}
                  onChange={[Function]}
                  onFocus={[Function]}
                  onInput={[Function]}
                  required={false}
                  type="number"
                  value=""
                />
              </div>
            </div>
          </div>
        </div>
      </div>
    </div>
  </div>
  <div>
    <br />
    <button
      className="ms-Button ms-Button--primary root-50"
      data-is-focusable={true}
      onClick={[Function]}
      onKeyDown={[Function]}
      onKeyPress={[Function]}
      onKeyUp={[Function]}
      onMouseDown={[Function]}
      onMouseUp={[Function]}
      type="button"
    >
      <span
        className="ms-Button-flexContainer flexContainer-51"
        data-automationid="splitbuttonprimary"
      >
        <span
          className="ms-Button-textContainer textContainer-52"
        >
          <span
            className="ms-Button-label label-54"
            id="id__7"
          >
            Submit
          </span>
        </span>
      </span>
    </button>
  </div>
</form>
`;
